#-----------------------------------------------------------
# Vivado v2024.1 (64-bit)
# SW Build 5076996 on Wed May 22 18:37:14 MDT 2024
# IP Build 5075265 on Wed May 22 21:45:21 MDT 2024
# SharedData Build 5076995 on Wed May 22 18:29:18 MDT 2024
# Start of session at: Fri Feb 21 11:00:10 2025
# Process ID: 12964
# Current directory: C:/Users/thoma/Desktop/Vivado/2bit_multiplier
# Command line: vivado.exe -gui_launcher_event rodinguilauncherevent16116 C:\Users\thoma\Desktop\Vivado\2bit_multiplier\2bit_multiplier.xpr
# Log file: C:/Users/thoma/Desktop/Vivado/2bit_multiplier/vivado.log
# Journal file: C:/Users/thoma/Desktop/Vivado/2bit_multiplier\vivado.jou
# Running On        :Thomas-AMD
# Platform          :Windows Server 2016 or Windows 10
# Operating System  :26100
# Processor Detail  :AMD Ryzen 7 4700U with Radeon Graphics         
# CPU Frequency     :1996 MHz
# CPU Physical cores:8
# CPU Logical cores :8
# Host memory       :16558 MB
# Swap memory       :7540 MB
# Total Virtual     :24098 MB
# Available Virtual :3402 MB
#-----------------------------------------------------------
start_gui
open_project C:/Users/thoma/Desktop/Vivado/2bit_multiplier/2bit_multiplier.xpr
update_compile_order -fileset sources_1
launch_simulation
open_wave_config C:/Users/thoma/Desktop/Vivado/2bit_multiplier/two_bit_mult_tb_behav.wcfg
source two_bit_mult_tb.tcl
close_sim
